// Jest Snapshot v1, https://goo.gl/fbAQLP

exports[`CreateAccount should render CreateAccount Component 1`] = `
<Provider
  store={
    Object {
      "clearActions": [Function],
      "dispatch": [Function],
      "getActions": [Function],
      "getState": [Function],
      "replaceReducer": [Function],
      "subscribe": [Function],
    }
  }
>
  <BrowserRouter>
    <Router
      history={
        Object {
          "action": "POP",
          "block": [Function],
          "createHref": [Function],
          "go": [Function],
          "goBack": [Function],
          "goForward": [Function],
          "length": 1,
          "listen": [Function],
          "location": Object {
            "hash": "",
            "pathname": "/",
            "search": "",
            "state": undefined,
          },
          "push": [Function],
          "replace": [Function],
        }
      }
    >
      <withRouter(Connect(CreateAccount))
        accountAction={[MockFunction]}
        getAccountAction={[MockFunction]}
        isAuthenticated={true}
        userProfile={[MockFunction]}
      >
        <Connect(CreateAccount)
          accountAction={[MockFunction]}
          getAccountAction={[MockFunction]}
          history={
            Object {
              "action": "POP",
              "block": [Function],
              "createHref": [Function],
              "go": [Function],
              "goBack": [Function],
              "goForward": [Function],
              "length": 1,
              "listen": [Function],
              "location": Object {
                "hash": "",
                "pathname": "/",
                "search": "",
                "state": undefined,
              },
              "push": [Function],
              "replace": [Function],
            }
          }
          isAuthenticated={true}
          location={
            Object {
              "hash": "",
              "pathname": "/",
              "search": "",
              "state": undefined,
            }
          }
          match={
            Object {
              "isExact": true,
              "params": Object {},
              "path": "/",
              "url": "/",
            }
          }
          userProfile={[MockFunction]}
        >
          <CreateAccount
            account={Array []}
            accountAction={[Function]}
            getAccountAction={[Function]}
            history={
              Object {
                "action": "POP",
                "block": [Function],
                "createHref": [Function],
                "go": [Function],
                "goBack": [Function],
                "goForward": [Function],
                "length": 1,
                "listen": [Function],
                "location": Object {
                  "hash": "",
                  "pathname": "/",
                  "search": "",
                  "state": undefined,
                },
                "push": [Function],
                "replace": [Function],
              }
            }
            isAuthenticated={true}
            location={
              Object {
                "hash": "",
                "pathname": "/",
                "search": "",
                "state": undefined,
              }
            }
            match={
              Object {
                "isExact": true,
                "params": Object {},
                "path": "/",
                "url": "/",
              }
            }
            profileAction={[Function]}
            userProfile={Object {}}
          >
            <div>
              <Connect(MainHeader)>
                <MainHeader
                  logoutAction={[Function]}
                  profileAction={[Function]}
                >
                  <header
                    className="mainHeader"
                  >
                    <div
                      className="wrapper"
                    >
                      <div
                        className="container topHeader"
                      >
                        <div
                          className="row"
                          style={
                            Object {
                              "justifyContent": "flex-end",
                            }
                          }
                        >
                          <Link
                            className="logout btn btn-pink"
                            id="logout"
                            onClick={[Function]}
                            to="/signin"
                          >
                            <a
                              className="logout btn btn-pink"
                              href="/signin"
                              id="logout"
                              onClick={[Function]}
                            >
                              LOGOUT
                            </a>
                          </Link>
                          <button
                            className="topMenu btn btn-red"
                            onClick={[Function]}
                            style={
                              Object {
                                "padding": "10px",
                              }
                            }
                          >
                            Menu
                          </button>
                          <ul
                            className="dropDown"
                            style={
                              Object {
                                "display": "none",
                              }
                            }
                          >
                            <li
                              className="userProfiles"
                            >
                              <a
                                data-page="profile"
                                data-title="Profile Details"
                              >
                                Profile
                              </a>
                            </li>
                            <li
                              className="accountForms"
                            >
                              <span
                                className="fa fa-book"
                              />
                              <a
                                data-page="account"
                                data-title="Create Account"
                              >
                                Create Bank Account
                              </a>
                            </li>
                          </ul>
                        </div>
                      </div>
                    </div>
                  </header>
                </MainHeader>
              </Connect(MainHeader)>
              <main>
                <div
                  className="wrapper "
                >
                  <Connect(SideBar)>
                    <SideBar
                      account={Array []}
                      getTransactionAction={[Function]}
                      userProfile={Object {}}
                    >
                      <div
                        className="left mainSideBar"
                      >
                        <div
                          className="row"
                        >
                          <div
                            className="col-8-lg sideBar"
                          >
                            <aside>
                              <div>
                                <img
                                  alt=""
                                  className="logo"
                                  src="../images/logo2.png"
                                />
                              </div>
                              <div
                                className="sideBarTitle"
                              >
                                Client User
                              </div>
                              <ul
                                className="sideMenu"
                              >
                                <li
                                  className="userProfiles"
                                >
                                  -  
                                  <Link
                                    data-title="Profile Details"
                                    to="/user-profile"
                                  >
                                    <a
                                      data-title="Profile Details"
                                      href="/user-profile"
                                      onClick={[Function]}
                                    >
                                      Profile
                                    </a>
                                  </Link>
                                </li>
                                <li
                                  className="accountForms"
                                >
                                  <span
                                    className="fa fa-book"
                                  />
                                  <Link
                                    data-title="Create Account"
                                    to="/create-account"
                                  >
                                    <a
                                      data-title="Create Account"
                                      href="/create-account"
                                      onClick={[Function]}
                                    >
                                      Create Bank Account
                                    </a>
                                  </Link>
                                </li>
                                <li
                                  className="transact"
                                >
                                  -  
                                  <a
                                    onClick={[Function]}
                                  >
                                    Transaction History
                                  </a>
                                  <ul
                                    className="sideBarDropDown"
                                    style={
                                      Object {
                                        "display": "none",
                                      }
                                    }
                                  />
                                </li>
                              </ul>
                            </aside>
                          </div>
                        </div>
                      </div>
                    </SideBar>
                  </Connect(SideBar)>
                  <div
                    className="right"
                  >
                    <div
                      className="row"
                    >
                      <div
                        className="col-12-lg mainContent"
                      >
                        <h2
                          id="contentMainTitle"
                        >
                          User Account Page
                        </h2>
                        <header
                          className="mainTitle"
                        >
                          <div
                            className="row "
                          >
                            <div
                              className="col-12-md"
                            >
                              <h3
                                id="contentSubTitle"
                              >
                                Bank Account
                              </h3>
                            </div>
                          </div>
                        </header>
                        <aside
                          className="rightSideBar"
                        >
                          <div
                            className="row"
                            id="userMain"
                          >
                            <div
                              style={
                                Object {
                                  "width": "100%",
                                }
                              }
                            >
                              <div
                                className="col-8-md acctDetails"
                              >
                                <form
                                  onSubmit={[Function]}
                                >
                                  <div
                                    className="row createAcct"
                                  >
                                    <div
                                      className="col-6-md col-12-xs"
                                    >
                                      <label
                                        htmlFor="true"
                                      >
                                        First Name
                                      </label>
                                      <input
                                        className="input-block"
                                        disabled={true}
                                        type="text"
                                      />
                                    </div>
                                    <div
                                      className="col-6-md col-12-xs"
                                    >
                                      <label
                                        htmlFor="true"
                                      >
                                        Last Name
                                      </label>
                                      <input
                                        className="input-block"
                                        disabled={true}
                                        type="text"
                                      />
                                    </div>
                                    <div
                                      className="col-6-md col-12-xs"
                                    >
                                      <label
                                        htmlFor="true"
                                      >
                                        Email Address
                                      </label>
                                      <input
                                        className="input-block"
                                        disabled={true}
                                        type="email"
                                      />
                                    </div>
                                    <div
                                      className="col-6-md col-12-xs"
                                    >
                                      <label
                                        className="required"
                                        htmlFor="accountType"
                                      >
                                        Account type 
                                        <span>
                                          *
                                        </span>
                                      </label>
                                      <select
                                        className="input-block"
                                        id="type"
                                        name="type"
                                        onChange={[Function]}
                                        required={true}
                                      >
                                        <option
                                          value=""
                                        >
                                          --Select Account Type--
                                        </option>
                                        <option
                                          value="savings"
                                        >
                                          Savings
                                        </option>
                                        <option
                                          value="current"
                                        >
                                          Current
                                        </option>
                                      </select>
                                    </div>
                                    <div
                                      className="col-6-md col-12-xs"
                                    >
                                      <input
                                        className="btn btn-blue createAccountBtn"
                                        defaultValue="Create Account"
                                        id="createAccountBtn"
                                        type="submit"
                                      />
                                    </div>
                                  </div>
                                </form>
                                <div
                                  className="row "
                                >
                                  <div
                                    className="col-12-xs col-12-md table"
                                  >
                                    <table
                                      cellPadding={0}
                                      cellSpacing={0}
                                    >
                                      <thead>
                                        <tr>
                                          <th>
                                            S/N
                                          </th>
                                          <th>
                                            Account Number
                                          </th>
                                          <th>
                                            Account type
                                          </th>
                                          <th>
                                            Account Balance
                                          </th>
                                          <th>
                                            Account Status
                                          </th>
                                          <th>
                                            Created Date
                                          </th>
                                        </tr>
                                      </thead>
                                      <tbody />
                                    </table>
                                  </div>
                                </div>
                              </div>
                            </div>
                          </div>
                        </aside>
                      </div>
                    </div>
                  </div>
                </div>
              </main>
              <MainFooter>
                <footer
                  className="footer"
                >
                  <p>
                    Copyright © Kecyy Banka Application all 2019 rights reserved
                  </p>
                </footer>
              </MainFooter>
            </div>
          </CreateAccount>
        </Connect(CreateAccount)>
      </withRouter(Connect(CreateAccount))>
    </Router>
  </BrowserRouter>
</Provider>
`;
