// Jest Snapshot v1, https://goo.gl/fbAQLP

exports[`Sample Test Should render App without crashing 1`] = `
<App>
  <Provider
    store={
      Object {
        "dispatch": [Function],
        "getState": [Function],
        "replaceReducer": [Function],
        "subscribe": [Function],
        Symbol(observable): [Function],
      }
    }
  >
    <BrowserRouter>
      <Router
        history={
          Object {
            "action": "POP",
            "block": [Function],
            "createHref": [Function],
            "go": [Function],
            "goBack": [Function],
            "goForward": [Function],
            "length": 1,
            "listen": [Function],
            "location": Object {
              "hash": "",
              "pathname": "/",
              "search": "",
              "state": undefined,
            },
            "push": [Function],
            "replace": [Function],
          }
        }
      >
        <App>
          <BrowserRouter>
            <Router
              history={
                Object {
                  "action": "POP",
                  "block": [Function],
                  "createHref": [Function],
                  "go": [Function],
                  "goBack": [Function],
                  "goForward": [Function],
                  "length": 1,
                  "listen": [Function],
                  "location": Object {
                    "hash": "",
                    "pathname": "/",
                    "search": "",
                    "state": undefined,
                  },
                  "push": [Function],
                  "replace": [Function],
                }
              }
            >
              <Switch>
                <Route
                  component={
                    Object {
                      "$$typeof": Symbol(react.memo),
                      "WrappedComponent": [Function],
                      "compare": null,
                      "displayName": "Connect(Home)",
                      "type": [Function],
                    }
                  }
                  computedMatch={
                    Object {
                      "isExact": true,
                      "params": Object {},
                      "path": "/",
                      "url": "/",
                    }
                  }
                  exact={true}
                  location={
                    Object {
                      "hash": "",
                      "pathname": "/",
                      "search": "",
                      "state": undefined,
                    }
                  }
                  path="/"
                >
                  <Connect(Home)
                    history={
                      Object {
                        "action": "POP",
                        "block": [Function],
                        "createHref": [Function],
                        "go": [Function],
                        "goBack": [Function],
                        "goForward": [Function],
                        "length": 1,
                        "listen": [Function],
                        "location": Object {
                          "hash": "",
                          "pathname": "/",
                          "search": "",
                          "state": undefined,
                        },
                        "push": [Function],
                        "replace": [Function],
                      }
                    }
                    location={
                      Object {
                        "hash": "",
                        "pathname": "/",
                        "search": "",
                        "state": undefined,
                      }
                    }
                    match={
                      Object {
                        "isExact": true,
                        "params": Object {},
                        "path": "/",
                        "url": "/",
                      }
                    }
                  >
                    <Home
                      history={
                        Object {
                          "action": "POP",
                          "block": [Function],
                          "createHref": [Function],
                          "go": [Function],
                          "goBack": [Function],
                          "goForward": [Function],
                          "length": 1,
                          "listen": [Function],
                          "location": Object {
                            "hash": "",
                            "pathname": "/",
                            "search": "",
                            "state": undefined,
                          },
                          "push": [Function],
                          "replace": [Function],
                        }
                      }
                      location={
                        Object {
                          "hash": "",
                          "pathname": "/",
                          "search": "",
                          "state": undefined,
                        }
                      }
                      match={
                        Object {
                          "isExact": true,
                          "params": Object {},
                          "path": "/",
                          "url": "/",
                        }
                      }
                      modalToggle={[Function]}
                      page=""
                      signinDisplay="none"
                    >
                      <div
                        className="wrapper-home"
                      >
                        <HomeHeader>
                          <header>
                            <div
                              className="container-home homeHeader"
                            >
                              <div
                                className="row"
                              >
                                <div
                                  className="col-lg-6 col-sm-6 col-xs-12"
                                >
                                  <img
                                    src={
                                      Object {
                                        "process": [Function],
                                      }
                                    }
                                  />
                                </div>
                                <div
                                  className="col-lg-6 col-sm-6 col-sx-12"
                                >
                                  <nav>
                                    <ul
                                      className="home-menu"
                                    >
                                      <li>
                                        <a
                                          href=""
                                        >
                                          HOME
                                        </a>
                                      </li>
                                      <li>
                                        <a
                                          href=""
                                        >
                                          ABOUT
                                        </a>
                                      </li>
                                      <li>
                                        <a
                                          href=""
                                        >
                                          SERVICES
                                        </a>
                                      </li>
                                      <li>
                                        <a
                                          href=""
                                        >
                                          CONTACT US
                                        </a>
                                      </li>
                                    </ul>
                                  </nav>
                                </div>
                              </div>
                            </div>
                          </header>
                        </HomeHeader>
                        <Connect(HomeContent)>
                          <HomeContent
                            modalToggle={[Function]}
                            modalToggle2={[Function]}
                            signinDisplay="none"
                          >
                            <div
                              className="container-home"
                            >
                              <div
                                className="row pull-right"
                                style={
                                  Object {
                                    "justifyContent": "flex-end",
                                  }
                                }
                              >
                                <div
                                  className="col-lg-6 col-sm-6 col-xs-12 frontTitle pad-top newLook"
                                >
                                  <h1>
                                    Banking Application
                                  </h1>
                                  <p
                                    className="titleTop"
                                  >
                                    Banka is a light-weight core banking application that powers banking operations like account creation, customer deposit and withdrawals.
                                  </p>
                                  <button
                                    className="btn btn-full btn-blue "
                                    id="sign_in"
                                    onClick={[Function]}
                                  >
                                    SIGN-IN
                                  </button>
                                </div>
                              </div>
                            </div>
                          </HomeContent>
                        </Connect(HomeContent)>
                        <HomeFooter>
                          <footer>
                            <div
                              className="container-home homeFooter"
                            >
                              <div
                                className="row"
                              >
                                <div
                                  className="col-lg-12 col-sm-12 col-xs-12 text-center"
                                  style={
                                    Object {
                                      "textAlign": "center",
                                      "width": "100%",
                                    }
                                  }
                                >
                                  Copyright © 2019 Banka Application All rights reserved
                                </div>
                              </div>
                            </div>
                          </footer>
                        </HomeFooter>
                        <withRouter(Connect(SignInModal))>
                          <Connect(SignInModal)
                            history={
                              Object {
                                "action": "POP",
                                "block": [Function],
                                "createHref": [Function],
                                "go": [Function],
                                "goBack": [Function],
                                "goForward": [Function],
                                "length": 1,
                                "listen": [Function],
                                "location": Object {
                                  "hash": "",
                                  "pathname": "/",
                                  "search": "",
                                  "state": undefined,
                                },
                                "push": [Function],
                                "replace": [Function],
                              }
                            }
                            location={
                              Object {
                                "hash": "",
                                "pathname": "/",
                                "search": "",
                                "state": undefined,
                              }
                            }
                            match={
                              Object {
                                "isExact": true,
                                "params": Object {},
                                "path": "/",
                                "url": "/",
                              }
                            }
                          >
                            <SignInModal
                              authAction={[Function]}
                              closeModal={[Function]}
                              history={
                                Object {
                                  "action": "POP",
                                  "block": [Function],
                                  "createHref": [Function],
                                  "go": [Function],
                                  "goBack": [Function],
                                  "goForward": [Function],
                                  "length": 1,
                                  "listen": [Function],
                                  "location": Object {
                                    "hash": "",
                                    "pathname": "/",
                                    "search": "",
                                    "state": undefined,
                                  },
                                  "push": [Function],
                                  "replace": [Function],
                                }
                              }
                              location={
                                Object {
                                  "hash": "",
                                  "pathname": "/",
                                  "search": "",
                                  "state": undefined,
                                }
                              }
                              match={
                                Object {
                                  "isExact": true,
                                  "params": Object {},
                                  "path": "/",
                                  "url": "/",
                                }
                              }
                              modalToggle={[Function]}
                              modalToggle2={[Function]}
                              page=""
                              signinDisplay="none"
                            >
                              <div
                                className="modal"
                                style={
                                  Object {
                                    "display": "none",
                                  }
                                }
                              >
                                <div
                                  className="modal-content"
                                >
                                  <header>
                                    <a
                                      className="modal-close"
                                      href="javascript:;"
                                      onClick={[Function]}
                                      title="Close"
                                    >
                                      ×
                                    </a>
                                    <h1>
                                      LOGIN HERE
                                    </h1>
                                    <p>
                                      Enter your login credentials to access this application
                                    </p>
                                  </header>
                                  <form
                                    onSubmit={[Function]}
                                  >
                                    <div
                                      className="modal-body"
                                    >
                                      <div
                                        className="row loginForm"
                                      >
                                        <label>
                                          Email Address
                                        </label>
                                        <div
                                          style={
                                            Object {
                                              "width": "100%",
                                            }
                                          }
                                        >
                                          <input
                                            className="input-block"
                                            id="email"
                                            name="email"
                                            onChange={[Function]}
                                            placeholder="Enter email address"
                                            required={true}
                                            type="email"
                                          />
                                        </div>
                                        <label>
                                          Password
                                        </label>
                                        <div>
                                          <input
                                            className="input-block"
                                            id="password"
                                            minLength="6"
                                            name="password"
                                            onChange={[Function]}
                                            placeholder="Enter password"
                                            required={true}
                                            type="password"
                                          />
                                        </div>
                                        <div
                                          className="col-12-xs col-12-lg col-12-sm"
                                        >
                                          <button
                                            className="btn btn-pink btn-full btnHover"
                                            type="submit"
                                          >
                                            Sign in
                                          </button>
                                          <br />
                                          <br />
                                          <a
                                            className="sign"
                                            href="javascript:;"
                                            onClick={[Function]}
                                          >
                                            Don't have an account? 
                                            <span
                                              className="btn-yellow-test"
                                            >
                                              [SIGN UP]
                                            </span>
                                          </a>
                                        </div>
                                      </div>
                                    </div>
                                  </form>
                                </div>
                              </div>
                            </SignInModal>
                          </Connect(SignInModal)>
                        </withRouter(Connect(SignInModal))>
                      </div>
                    </Home>
                  </Connect(Home)>
                </Route>
              </Switch>
            </Router>
          </BrowserRouter>
        </App>
      </Router>
    </BrowserRouter>
  </Provider>
</App>
`;

exports[`Sample Test should render home without crashing 1`] = `
<App>
  <Provider
    store={
      Object {
        "dispatch": [Function],
        "getState": [Function],
        "replaceReducer": [Function],
        "subscribe": [Function],
        Symbol(observable): [Function],
      }
    }
  >
    <BrowserRouter>
      <Router
        history={
          Object {
            "action": "POP",
            "block": [Function],
            "createHref": [Function],
            "go": [Function],
            "goBack": [Function],
            "goForward": [Function],
            "length": 1,
            "listen": [Function],
            "location": Object {
              "hash": "",
              "pathname": "/",
              "search": "",
              "state": undefined,
            },
            "push": [Function],
            "replace": [Function],
          }
        }
      >
        <App>
          <BrowserRouter>
            <Router
              history={
                Object {
                  "action": "POP",
                  "block": [Function],
                  "createHref": [Function],
                  "go": [Function],
                  "goBack": [Function],
                  "goForward": [Function],
                  "length": 1,
                  "listen": [Function],
                  "location": Object {
                    "hash": "",
                    "pathname": "/",
                    "search": "",
                    "state": undefined,
                  },
                  "push": [Function],
                  "replace": [Function],
                }
              }
            >
              <Switch>
                <Route
                  component={
                    Object {
                      "$$typeof": Symbol(react.memo),
                      "WrappedComponent": [Function],
                      "compare": null,
                      "displayName": "Connect(Home)",
                      "type": [Function],
                    }
                  }
                  computedMatch={
                    Object {
                      "isExact": true,
                      "params": Object {},
                      "path": "/",
                      "url": "/",
                    }
                  }
                  exact={true}
                  location={
                    Object {
                      "hash": "",
                      "pathname": "/",
                      "search": "",
                      "state": undefined,
                    }
                  }
                  path="/"
                >
                  <Connect(Home)
                    history={
                      Object {
                        "action": "POP",
                        "block": [Function],
                        "createHref": [Function],
                        "go": [Function],
                        "goBack": [Function],
                        "goForward": [Function],
                        "length": 1,
                        "listen": [Function],
                        "location": Object {
                          "hash": "",
                          "pathname": "/",
                          "search": "",
                          "state": undefined,
                        },
                        "push": [Function],
                        "replace": [Function],
                      }
                    }
                    location={
                      Object {
                        "hash": "",
                        "pathname": "/",
                        "search": "",
                        "state": undefined,
                      }
                    }
                    match={
                      Object {
                        "isExact": true,
                        "params": Object {},
                        "path": "/",
                        "url": "/",
                      }
                    }
                  >
                    <Home
                      history={
                        Object {
                          "action": "POP",
                          "block": [Function],
                          "createHref": [Function],
                          "go": [Function],
                          "goBack": [Function],
                          "goForward": [Function],
                          "length": 1,
                          "listen": [Function],
                          "location": Object {
                            "hash": "",
                            "pathname": "/",
                            "search": "",
                            "state": undefined,
                          },
                          "push": [Function],
                          "replace": [Function],
                        }
                      }
                      location={
                        Object {
                          "hash": "",
                          "pathname": "/",
                          "search": "",
                          "state": undefined,
                        }
                      }
                      match={
                        Object {
                          "isExact": true,
                          "params": Object {},
                          "path": "/",
                          "url": "/",
                        }
                      }
                      modalToggle={[Function]}
                      page=""
                      signinDisplay="none"
                    >
                      <div
                        className="wrapper-home"
                      >
                        <HomeHeader>
                          <header>
                            <div
                              className="container-home homeHeader"
                            >
                              <div
                                className="row"
                              >
                                <div
                                  className="col-lg-6 col-sm-6 col-xs-12"
                                >
                                  <img
                                    src={
                                      Object {
                                        "process": [Function],
                                      }
                                    }
                                  />
                                </div>
                                <div
                                  className="col-lg-6 col-sm-6 col-sx-12"
                                >
                                  <nav>
                                    <ul
                                      className="home-menu"
                                    >
                                      <li>
                                        <a
                                          href=""
                                        >
                                          HOME
                                        </a>
                                      </li>
                                      <li>
                                        <a
                                          href=""
                                        >
                                          ABOUT
                                        </a>
                                      </li>
                                      <li>
                                        <a
                                          href=""
                                        >
                                          SERVICES
                                        </a>
                                      </li>
                                      <li>
                                        <a
                                          href=""
                                        >
                                          CONTACT US
                                        </a>
                                      </li>
                                    </ul>
                                  </nav>
                                </div>
                              </div>
                            </div>
                          </header>
                        </HomeHeader>
                        <Connect(HomeContent)>
                          <HomeContent
                            modalToggle={[Function]}
                            modalToggle2={[Function]}
                            signinDisplay="none"
                          >
                            <div
                              className="container-home"
                            >
                              <div
                                className="row pull-right"
                                style={
                                  Object {
                                    "justifyContent": "flex-end",
                                  }
                                }
                              >
                                <div
                                  className="col-lg-6 col-sm-6 col-xs-12 frontTitle pad-top newLook"
                                >
                                  <h1>
                                    Banking Application
                                  </h1>
                                  <p
                                    className="titleTop"
                                  >
                                    Banka is a light-weight core banking application that powers banking operations like account creation, customer deposit and withdrawals.
                                  </p>
                                  <button
                                    className="btn btn-full btn-blue "
                                    id="sign_in"
                                    onClick={[Function]}
                                  >
                                    SIGN-IN
                                  </button>
                                </div>
                              </div>
                            </div>
                          </HomeContent>
                        </Connect(HomeContent)>
                        <HomeFooter>
                          <footer>
                            <div
                              className="container-home homeFooter"
                            >
                              <div
                                className="row"
                              >
                                <div
                                  className="col-lg-12 col-sm-12 col-xs-12 text-center"
                                  style={
                                    Object {
                                      "textAlign": "center",
                                      "width": "100%",
                                    }
                                  }
                                >
                                  Copyright © 2019 Banka Application All rights reserved
                                </div>
                              </div>
                            </div>
                          </footer>
                        </HomeFooter>
                        <withRouter(Connect(SignInModal))>
                          <Connect(SignInModal)
                            history={
                              Object {
                                "action": "POP",
                                "block": [Function],
                                "createHref": [Function],
                                "go": [Function],
                                "goBack": [Function],
                                "goForward": [Function],
                                "length": 1,
                                "listen": [Function],
                                "location": Object {
                                  "hash": "",
                                  "pathname": "/",
                                  "search": "",
                                  "state": undefined,
                                },
                                "push": [Function],
                                "replace": [Function],
                              }
                            }
                            location={
                              Object {
                                "hash": "",
                                "pathname": "/",
                                "search": "",
                                "state": undefined,
                              }
                            }
                            match={
                              Object {
                                "isExact": true,
                                "params": Object {},
                                "path": "/",
                                "url": "/",
                              }
                            }
                          >
                            <SignInModal
                              authAction={[Function]}
                              closeModal={[Function]}
                              history={
                                Object {
                                  "action": "POP",
                                  "block": [Function],
                                  "createHref": [Function],
                                  "go": [Function],
                                  "goBack": [Function],
                                  "goForward": [Function],
                                  "length": 1,
                                  "listen": [Function],
                                  "location": Object {
                                    "hash": "",
                                    "pathname": "/",
                                    "search": "",
                                    "state": undefined,
                                  },
                                  "push": [Function],
                                  "replace": [Function],
                                }
                              }
                              location={
                                Object {
                                  "hash": "",
                                  "pathname": "/",
                                  "search": "",
                                  "state": undefined,
                                }
                              }
                              match={
                                Object {
                                  "isExact": true,
                                  "params": Object {},
                                  "path": "/",
                                  "url": "/",
                                }
                              }
                              modalToggle={[Function]}
                              modalToggle2={[Function]}
                              page=""
                              signinDisplay="none"
                            >
                              <div
                                className="modal"
                                style={
                                  Object {
                                    "display": "none",
                                  }
                                }
                              >
                                <div
                                  className="modal-content"
                                >
                                  <header>
                                    <a
                                      className="modal-close"
                                      href="javascript:;"
                                      onClick={[Function]}
                                      title="Close"
                                    >
                                      ×
                                    </a>
                                    <h1>
                                      LOGIN HERE
                                    </h1>
                                    <p>
                                      Enter your login credentials to access this application
                                    </p>
                                  </header>
                                  <form
                                    onSubmit={[Function]}
                                  >
                                    <div
                                      className="modal-body"
                                    >
                                      <div
                                        className="row loginForm"
                                      >
                                        <label>
                                          Email Address
                                        </label>
                                        <div
                                          style={
                                            Object {
                                              "width": "100%",
                                            }
                                          }
                                        >
                                          <input
                                            className="input-block"
                                            id="email"
                                            name="email"
                                            onChange={[Function]}
                                            placeholder="Enter email address"
                                            required={true}
                                            type="email"
                                          />
                                        </div>
                                        <label>
                                          Password
                                        </label>
                                        <div>
                                          <input
                                            className="input-block"
                                            id="password"
                                            minLength="6"
                                            name="password"
                                            onChange={[Function]}
                                            placeholder="Enter password"
                                            required={true}
                                            type="password"
                                          />
                                        </div>
                                        <div
                                          className="col-12-xs col-12-lg col-12-sm"
                                        >
                                          <button
                                            className="btn btn-pink btn-full btnHover"
                                            type="submit"
                                          >
                                            Sign in
                                          </button>
                                          <br />
                                          <br />
                                          <a
                                            className="sign"
                                            href="javascript:;"
                                            onClick={[Function]}
                                          >
                                            Don't have an account? 
                                            <span
                                              className="btn-yellow-test"
                                            >
                                              [SIGN UP]
                                            </span>
                                          </a>
                                        </div>
                                      </div>
                                    </div>
                                  </form>
                                </div>
                              </div>
                            </SignInModal>
                          </Connect(SignInModal)>
                        </withRouter(Connect(SignInModal))>
                      </div>
                    </Home>
                  </Connect(Home)>
                </Route>
              </Switch>
            </Router>
          </BrowserRouter>
        </App>
      </Router>
    </BrowserRouter>
  </Provider>
</App>
`;
