// Jest Snapshot v1, https://goo.gl/fbAQLP

exports[`Profile should render Profile Component 1`] = `
<Provider
  store={
    Object {
      "clearActions": [Function],
      "dispatch": [Function],
      "getActions": [Function],
      "getState": [Function],
      "replaceReducer": [Function],
      "subscribe": [Function],
    }
  }
>
  <BrowserRouter>
    <Router
      history={
        Object {
          "action": "POP",
          "block": [Function],
          "createHref": [Function],
          "go": [Function],
          "goBack": [Function],
          "goForward": [Function],
          "length": 1,
          "listen": [Function],
          "location": Object {
            "hash": "",
            "pathname": "/",
            "search": "",
            "state": undefined,
          },
          "push": [Function],
          "replace": [Function],
        }
      }
    >
      <Connect(Profile)
        isAuthenticated={true}
        profileAction={[MockFunction]}
        userProfile={[MockFunction]}
      >
        <Profile
          isAuthenticated={true}
          profileAction={[Function]}
          userProfile={Object {}}
        >
          <div>
            <Connect(MainHeader)>
              <MainHeader
                logoutAction={[Function]}
                profileAction={[Function]}
              >
                <header
                  className="mainHeader"
                >
                  <div
                    className="wrapper"
                  >
                    <div
                      className="container topHeader"
                    >
                      <div
                        className="row"
                        style={
                          Object {
                            "justifyContent": "flex-end",
                          }
                        }
                      >
                        <Link
                          className="logout btn btn-pink"
                          id="logout"
                          onClick={[Function]}
                          to="/signin"
                        >
                          <a
                            className="logout btn btn-pink"
                            href="/signin"
                            id="logout"
                            onClick={[Function]}
                          >
                            LOGOUT
                          </a>
                        </Link>
                        <button
                          className="topMenu btn btn-red"
                          onClick={[Function]}
                          style={
                            Object {
                              "padding": "10px",
                            }
                          }
                        >
                          Menu
                        </button>
                        <ul
                          className="dropDown"
                          style={
                            Object {
                              "display": "none",
                            }
                          }
                        >
                          <li
                            className="userProfiles"
                          >
                            <a
                              data-page="profile"
                              data-title="Profile Details"
                            >
                              Profile
                            </a>
                          </li>
                          <li
                            className="accountForms"
                          >
                            <span
                              className="fa fa-book"
                            />
                            <a
                              data-page="account"
                              data-title="Create Account"
                            >
                              Create Bank Account
                            </a>
                          </li>
                        </ul>
                      </div>
                    </div>
                  </div>
                </header>
              </MainHeader>
            </Connect(MainHeader)>
            <main>
              <div
                className="wrapper "
              >
                <Connect(SideBar)>
                  <SideBar
                    account={Array []}
                    getTransactionAction={[Function]}
                    userProfile={Object {}}
                  >
                    <div
                      className="left mainSideBar"
                    >
                      <div
                        className="row"
                      >
                        <div
                          className="col-8-lg sideBar"
                        >
                          <aside>
                            <div>
                              <img
                                alt=""
                                className="logo"
                                src="../images/logo2.png"
                              />
                            </div>
                            <div
                              className="sideBarTitle"
                            >
                              Client User
                            </div>
                            <ul
                              className="sideMenu"
                            >
                              <li
                                className="userProfiles"
                              >
                                -  
                                <Link
                                  data-title="Profile Details"
                                  to="/user-profile"
                                >
                                  <a
                                    data-title="Profile Details"
                                    href="/user-profile"
                                    onClick={[Function]}
                                  >
                                    Profile
                                  </a>
                                </Link>
                              </li>
                              <li
                                className="accountForms"
                              >
                                <span
                                  className="fa fa-book"
                                />
                                <Link
                                  data-title="Create Account"
                                  to="/create-account"
                                >
                                  <a
                                    data-title="Create Account"
                                    href="/create-account"
                                    onClick={[Function]}
                                  >
                                    Create Bank Account
                                  </a>
                                </Link>
                              </li>
                              <li
                                className="transact"
                              >
                                -  
                                <a
                                  onClick={[Function]}
                                >
                                  Transaction History
                                </a>
                                <ul
                                  className="sideBarDropDown"
                                  style={
                                    Object {
                                      "display": "none",
                                    }
                                  }
                                />
                              </li>
                            </ul>
                          </aside>
                        </div>
                      </div>
                    </div>
                  </SideBar>
                </Connect(SideBar)>
                <div
                  className="right"
                >
                  <div
                    className="row"
                  >
                    <div
                      className="col-12-lg mainContent"
                    >
                      <h2
                        id="contentMainTitle"
                      >
                        User Profile Page
                      </h2>
                      <header
                        className="mainTitle"
                      >
                        <div
                          className="row "
                        >
                          <div
                            className="col-12-md"
                          >
                            <h3
                              id="contentSubTitle"
                            >
                              Profile Details
                            </h3>
                          </div>
                        </div>
                      </header>
                      <aside
                        className="rightSideBar"
                      >
                        <div
                          className="row"
                          id="userMain"
                        >
                          <div
                            style={
                              Object {
                                "width": "100%",
                              }
                            }
                          >
                            <div
                              className="col-8-md acctDetails"
                            >
                              <table>
                                <tbody>
                                  <tr>
                                    <td>
                                      <strong>
                                         First Name
                                      </strong>
                                    </td>
                                    <td>
                                      <strong />
                                    </td>
                                  </tr>
                                  <tr>
                                    <td>
                                      <strong>
                                        LastName
                                      </strong>
                                       
                                    </td>
                                    <td />
                                  </tr>
                                  <tr>
                                    <td>
                                      <strong>
                                        Email Address
                                      </strong>
                                       
                                    </td>
                                    <td />
                                  </tr>
                                  <tr>
                                    <td>
                                      <strong>
                                        User type
                                      </strong>
                                       
                                    </td>
                                    <td />
                                  </tr>
                                  <tr>
                                    <td>
                                      <strong>
                                        Status
                                      </strong>
                                       
                                    </td>
                                    <td />
                                  </tr>
                                </tbody>
                              </table>
                            </div>
                          </div>
                        </div>
                      </aside>
                    </div>
                  </div>
                </div>
              </div>
            </main>
            <MainFooter>
              <footer
                className="footer"
              >
                <p>
                  Copyright © Kecyy Banka Application all 2019 rights reserved
                </p>
              </footer>
            </MainFooter>
          </div>
        </Profile>
      </Connect(Profile)>
    </Router>
  </BrowserRouter>
</Provider>
`;
